// Vitest Snapshot v1, https://vitest.dev/guide/snapshot.html

exports[`UserInfoSection > when a participant is signed in > matches the snapshot 1`] = `
<div
  class="text-xs text-muted-foreground"
>
  <div
    class="flex justify-between"
  >
    <div
      class="flex items-center gap-1 flex-wrap"
    >
      <span
        class="hidden sm:inline"
      >
        Signed in as
      </span>
      <a
        class="font-semibold"
        href="/account"
      >
        Jane Doe
      </a>
      <div
        class="flex items-center gap-1 "
      >
        <div
          class="w-4 h-4 rounded bg-background border border-border flex items-center justify-center"
        >
          <svg
            aria-hidden="true"
            class="lucide lucide-social-x lucide-SocialX w-2.5 h-2.5 text-foreground"
            fill="none"
            height="24"
            stroke="currentColor"
            stroke-linecap="round"
            stroke-linejoin="round"
            stroke-width="2"
            viewBox="0 0 24 24"
            width="24"
            xmlns="http://www.w3.org/2000/svg"
          >
            <path
              d="M18.901 1.153h3.68l-8.04 9.19L24 22.846h-7.406l-5.8-7.584-6.638 7.584H.474l8.6-9.83L0 1.154h7.594l5.243 6.932ZM17.61 20.644h2.039L6.486 3.24H4.298Z"
              fill="currentColor"
              stroke="none"
            />
          </svg>
        </div>
        <div
          class="w-4 h-4 rounded bg-background border border-border flex items-center justify-center"
        >
          <svg
            aria-hidden="true"
            class="lucide lucide-social-google lucide-SocialGoogle w-2.5 h-2.5 text-foreground"
            fill="none"
            height="24"
            stroke="currentColor"
            stroke-linecap="round"
            stroke-linejoin="round"
            stroke-width="2"
            viewBox="0 0 24 24"
            width="24"
            xmlns="http://www.w3.org/2000/svg"
          >
            <path
              d="M12.48 10.92v3.28h7.84c-.24 1.84-.853 3.187-1.787 4.133-1.147 1.147-2.933 2.4-6.053 2.4-4.827 0-8.6-3.893-8.6-8.72s3.773-8.72 8.6-8.72c2.6 0 4.507 1.027 5.907 2.347l2.307-2.307C18.747 1.44 16.133 0 12.48 0 5.867 0 .307 5.387.307 12s5.56 12 12.173 12c3.573 0 6.267-1.173 8.373-3.36 2.16-2.16 2.84-5.213 2.84-7.667 0-.76-.053-1.467-.173-2.053H12.48z"
              fill="currentColor"
              stroke="none"
            />
          </svg>
        </div>
      </div>
    </div>
    <div
      class="gap-1.5 flex"
    >
      <a
        class="hover:underline"
        href="/account"
      >
        Edit
      </a>
      <span
        class="cursor-pointer hover:underline"
      >
        Logout
      </span>
    </div>
  </div>
</div>
`;

exports[`UserInfoSection > when nobody is signed in > matches the snapshot 1`] = `
<div
  class="text-xs text-muted-foreground"
>
  <div
    class="flex justify-between"
  >
    <div>
      Not signed in
    </div>
    <a
      class="hover:underline"
      href="/login?redirectTo=%2Fbrowse%2Fsummer-giveaway"
    >
      Sign In
    </a>
  </div>
</div>
`;
