// Vitest Snapshot v1, https://vitest.dev/guide/snapshot.html

exports[`AccountTypeStep > matches the snapshot 1`] = `
<div
  class="grid gap-6"
>
  <div
    class="grid gap-3"
  >
    <div
      class="text-card-foreground flex flex-col gap-2 rounded-xl border py-4 shadow-md cursor-pointer transition-all hover:border-primary border-primary bg-primary/5"
      data-slot="card"
    >
      <div
        class="px-6 py-2"
        data-slot="card-content"
      >
        <div
          class="flex items-start gap-4"
        >
          <div
            class="text-4xl"
          >
            🎉
          </div>
          <div
            class="flex-1 space-y-1"
          >
            <div
              class="flex items-center gap-2"
            >
              <h3
                class="font-semibold"
              >
                Participate in Giveaways
              </h3>
              <div
                class="h-2 w-2 rounded-full bg-primary"
              />
            </div>
            <p
              class="text-sm text-muted-foreground"
            >
              Browse and enter giveaways from your favorite creators and brands.
            </p>
          </div>
        </div>
      </div>
    </div>
    <div
      class="bg-card text-card-foreground flex flex-col gap-2 rounded-xl border py-4 shadow-md cursor-pointer transition-all hover:border-primary"
      data-slot="card"
    >
      <div
        class="px-6 py-2"
        data-slot="card-content"
      >
        <div
          class="flex items-start gap-4"
        >
          <div
            class="text-4xl"
          >
            🎁
          </div>
          <div
            class="flex-1 space-y-1"
          >
            <div
              class="flex items-center gap-2"
            >
              <h3
                class="font-semibold"
              >
                Host Giveaways
              </h3>
            </div>
            <p
              class="text-sm text-muted-foreground"
            >
              Create and manage giveaways for your community, brand, or organization.
            </p>
          </div>
        </div>
      </div>
    </div>
  </div>
  <button
    class="cursor-pointer inline-flex items-center justify-center gap-2 whitespace-nowrap rounded-md text-sm font-medium transition-all disabled:pointer-events-none disabled:opacity-50 [&_svg]:pointer-events-none [&_svg:not([class*='size-'])]:size-4 shrink-0 [&_svg]:shrink-0 [&_svg]:mr-0 outline-none focus-visible:border-ring focus-visible:ring-ring/50 focus-visible:ring-[3px] aria-invalid:ring-destructive/20 dark:aria-invalid:ring-destructive/40 aria-invalid:border-destructive bg-primary text-primary-foreground shadow-xs hover:bg-primary/90 h-9 px-4 py-2 has-[>svg]:px-3 w-full"
    data-slot="button"
  >
    Continue
    <svg
      aria-hidden="true"
      class="lucide lucide-arrow-right ml-2 h-4 w-4"
      fill="none"
      height="24"
      stroke="currentColor"
      stroke-linecap="round"
      stroke-linejoin="round"
      stroke-width="2"
      viewBox="0 0 24 24"
      width="24"
      xmlns="http://www.w3.org/2000/svg"
    >
      <path
        d="M5 12h14"
      />
      <path
        d="m12 5 7 7-7 7"
      />
    </svg>
  </button>
</div>
`;
