// Vitest Snapshot v1, https://vitest.dev/guide/snapshot.html

exports[`UpdatePreferredContact > matches the snapshot 1`] = `
<div
  class="bg-card text-card-foreground flex flex-col gap-2 rounded-xl border py-4 shadow-md"
  data-slot="card"
>
  <div
    class="@container/card-header auto-rows-min grid-rows-[auto_auto] px-4 space-y-0.5 has-data-[slot=card-action]:grid-cols-[1fr_auto] [.border-b]:pb-4 flex justify-between items-center"
    data-slot="card-header"
  >
    <div>
      <div
        class="leading-none font-semibold"
        data-slot="card-title"
      >
        Preferred Contact Method
      </div>
      <div
        class="text-muted-foreground text-sm mt-1"
        data-slot="card-description"
      >
        How we'll reach you for prize notifications and giveaway updates.
      </div>
    </div>
  </div>
  <div
    class="px-4 py-2"
    data-slot="card-content"
  >
    <button
      aria-autocomplete="none"
      aria-controls="radix-_r_id_"
      aria-expanded="false"
      class="flex h-9 shadow-xs w-full items-center justify-between rounded-md border border-input bg-white dark:bg-input/30 px-3 py-2 text-sm ring-offset-background data-placeholder:text-muted-foreground focus:outline-hidden focus:ring-2 focus:ring-ring focus:ring-offset-2 disabled:cursor-not-allowed disabled:opacity-50 [&>span]:line-clamp-1 max-w-xl"
      data-state="closed"
      dir="ltr"
      role="combobox"
      type="button"
    >
      <span
        style="pointer-events: none;"
      >
        Discord
      </span>
      <svg
        aria-hidden="true"
        class="lucide lucide-chevron-down h-4 w-4 opacity-50"
        fill="none"
        height="24"
        stroke="currentColor"
        stroke-linecap="round"
        stroke-linejoin="round"
        stroke-width="2"
        viewBox="0 0 24 24"
        width="24"
        xmlns="http://www.w3.org/2000/svg"
      >
        <path
          d="m6 9 6 6 6-6"
        />
      </svg>
    </button>
  </div>
  <div
    class="px-4 [.border-t]:pt-4 flex flex-col items-start gap-3 border-t sm:flex-row sm:items-center sm:justify-between py-0 my-0 text-sm sm:leading-8 text-muted-foreground"
    data-slot="card-footer"
  >
    Only accounts you've already connected to your profile can be selected.
    <button
      class="cursor-pointer inline-flex items-center justify-center whitespace-nowrap text-sm font-medium transition-all disabled:pointer-events-none disabled:opacity-50 [&_svg]:pointer-events-none [&_svg:not([class*='size-'])]:size-4 shrink-0 [&_svg]:shrink-0 [&_svg]:mr-0 outline-none focus-visible:border-ring focus-visible:ring-ring/50 focus-visible:ring-[3px] aria-invalid:ring-destructive/20 dark:aria-invalid:ring-destructive/40 aria-invalid:border-destructive bg-primary text-primary-foreground shadow-xs hover:bg-primary/90 h-8 rounded-md gap-1.5 px-3 has-[>svg]:px-2.5 w-full sm:w-auto"
      data-slot="button"
      disabled=""
    >
      Save
    </button>
  </div>
</div>
`;
