// Vitest Snapshot v1, https://vitest.dev/guide/snapshot.html

exports[`EmailRequired > when there is no participant > matches the snapshot 1`] = `
<div>
  <div
    class="text-center"
  >
    <h3
      class="text-lg font-semibold"
    >
      Email Verification Required
    </h3>
    <p
      class="text-muted-foreground"
    >
      Please log in to verify your email for this giveaway.
    </p>
  </div>
</div>
`;
