// Vitest Snapshot v1, https://vitest.dev/guide/snapshot.html

exports[`WebsiteLogo > matches the snapshot 1`] = `
<ul
  class="flex w-full min-w-0 flex-col gap-1"
  data-sidebar="menu"
  data-slot="sidebar-menu"
>
  <div
    class="flex justify-between items-center w-full gap-2"
  >
    <li
      class="group/menu-item relative flex-grow"
      data-sidebar="menu-item"
      data-slot="sidebar-menu-item"
    >
      <a
        class="peer/menu-button flex w-full items-center gap-2 overflow-hidden rounded-md p-2 text-left outline-hidden ring-sidebar-ring transition-[width,height,padding] focus-visible:ring-2 active:bg-sidebar-accent active:text-sidebar-accent-foreground disabled:pointer-events-none disabled:opacity-50 group-has-data-[sidebar=menu-action]/menu-item:pr-8 aria-disabled:pointer-events-none aria-disabled:opacity-50 data-[active=true]:bg-sidebar-primary data-[active=true]:font-medium data-[active=true]:text-sidebar-primary-foreground data-[state=open]:hover:bg-sidebar-primary/80 data-[state=open]:hover:text-sidebar-primary-foreground group-data-[collapsible=icon]:!size-8 [&>span:last-child]:truncate [&>svg]:size-4 [&>svg]:shrink-0 hover:bg-sidebar-accent hover:text-sidebar-accent-foreground h-12 text-sm group-data-[collapsible=icon]:!p-0"
        data-active="false"
        data-sidebar="menu-button"
        data-size="lg"
        data-slot="sidebar-menu-button"
        href="/"
      >
        <span
          aria-label="dog face"
          class="bg-sidebar-primary text-sidebar-primary-foreground flex aspect-square size-8 items-center justify-center rounded-lg text-base"
          role="img"
        >
          🐶
        </span>
        <div
          class="grid flex-1 text-left text-base leading-tight"
        >
          <span
            class="truncate font-semibold"
          >
            Giveaway.Dog
          </span>
        </div>
      </a>
    </li>
  </div>
</ul>
`;
