// Vitest Snapshot v1, https://vitest.dev/guide/snapshot.html

exports[`CancelConfirmationModal > matches the snapshot for the create action 1`] = `
<div
  aria-describedby="generated-id"
  aria-labelledby="generated-id"
  class="bg-background data-[state=open]:animate-in data-[state=closed]:animate-out data-[state=closed]:fade-out-0 data-[state=open]:fade-in-0 data-[state=closed]:zoom-out-95 data-[state=open]:zoom-in-95 fixed top-[50%] left-[50%] z-50 grid w-full max-w-[calc(100%-2rem)] translate-x-[-50%] translate-y-[-50%] gap-4 rounded-lg border p-6 shadow-lg duration-200 sm:max-w-[550px]"
  data-slot="dialog-content"
  data-state="open"
  id="generated-id"
  role="dialog"
  style="pointer-events: auto;"
  tabindex="-1"
>
  <div
    class="flex flex-col gap-2 text-center sm:text-left"
    data-slot="dialog-header"
  >
    <h2
      class="text-lg leading-none font-semibold"
      data-slot="dialog-title"
      id="generated-id"
    >
      You're exiting the Sweepstakes Editor
    </h2>
    <p
      class="text-muted-foreground text-sm"
      data-slot="dialog-description"
      id="generated-id"
    >
      You have unsaved changes to "
      Summer Giveaway
      ". What would you like to do?
    </p>
  </div>
  <div
    class="flex sm:justify-end flex-col sm:flex-row gap-2"
    data-slot="dialog-footer"
  >
    <button
      class="cursor-pointer inline-flex items-center justify-center gap-2 whitespace-nowrap rounded-md text-sm font-medium transition-all disabled:pointer-events-none disabled:opacity-50 [&_svg]:pointer-events-none [&_svg:not([class*='size-'])]:size-4 shrink-0 [&_svg]:shrink-0 [&_svg]:mr-0 outline-none focus-visible:border-ring focus-visible:ring-ring/50 focus-visible:ring-[3px] aria-invalid:ring-destructive/20 dark:aria-invalid:ring-destructive/40 aria-invalid:border-destructive border bg-white shadow-xs hover:bg-accent hover:text-accent-foreground dark:bg-input/30 dark:border-input dark:hover:bg-input/50 dark:hover:text-accent h-9 px-4 py-2 has-[>svg]:px-3"
      data-slot="button"
    >
      Continue Editing
    </button>
    <div
      class="flex gap-2 sm:ml-auto"
    >
      <button
        class="cursor-pointer inline-flex items-center justify-center gap-2 whitespace-nowrap rounded-md text-sm font-medium transition-all disabled:pointer-events-none disabled:opacity-50 [&_svg]:pointer-events-none [&_svg:not([class*='size-'])]:size-4 [&_svg]:shrink-0 [&_svg]:mr-0 outline-none focus-visible:border-ring focus-visible:ring-[3px] aria-invalid:ring-destructive/20 dark:aria-invalid:ring-destructive/40 aria-invalid:border-destructive bg-destructive text-destructive-foreground shadow-xs hover:bg-destructive/90 focus-visible:ring-destructive/20 dark:focus-visible:ring-destructive/40 dark:bg-destructive/60 h-9 px-4 py-2 has-[>svg]:px-3 flex-1 sm:flex-none"
        data-slot="button"
      >
        <svg
          aria-hidden="true"
          class="lucide lucide-trash h-4 w-4 mr-2"
          fill="none"
          height="24"
          stroke="currentColor"
          stroke-linecap="round"
          stroke-linejoin="round"
          stroke-width="2"
          viewBox="0 0 24 24"
          width="24"
          xmlns="http://www.w3.org/2000/svg"
        >
          <path
            d="M19 6v14a2 2 0 0 1-2 2H7a2 2 0 0 1-2-2V6"
          />
          <path
            d="M3 6h18"
          />
          <path
            d="M8 6V4a2 2 0 0 1 2-2h4a2 2 0 0 1 2 2v2"
          />
        </svg>
        Delete Draft
      </button>
      <button
        class="cursor-pointer inline-flex items-center justify-center gap-2 whitespace-nowrap rounded-md text-sm font-medium transition-all disabled:pointer-events-none disabled:opacity-50 [&_svg]:pointer-events-none [&_svg:not([class*='size-'])]:size-4 [&_svg]:shrink-0 [&_svg]:mr-0 outline-none focus-visible:border-ring focus-visible:ring-ring/50 focus-visible:ring-[3px] aria-invalid:ring-destructive/20 dark:aria-invalid:ring-destructive/40 aria-invalid:border-destructive bg-primary text-primary-foreground shadow-xs hover:bg-primary/90 h-9 px-4 py-2 has-[>svg]:px-3 flex-1 sm:flex-none"
        data-slot="button"
      >
        <svg
          aria-hidden="true"
          class="lucide lucide-save h-4 w-4 mr-2"
          fill="none"
          height="24"
          stroke="currentColor"
          stroke-linecap="round"
          stroke-linejoin="round"
          stroke-width="2"
          viewBox="0 0 24 24"
          width="24"
          xmlns="http://www.w3.org/2000/svg"
        >
          <path
            d="M15.2 3a2 2 0 0 1 1.4.6l3.8 3.8a2 2 0 0 1 .6 1.4V19a2 2 0 0 1-2 2H5a2 2 0 0 1-2-2V5a2 2 0 0 1 2-2z"
          />
          <path
            d="M17 21v-7a1 1 0 0 0-1-1H8a1 1 0 0 0-1 1v7"
          />
          <path
            d="M7 3v4a1 1 0 0 0 1 1h7"
          />
        </svg>
        Save & Exit
      </button>
    </div>
  </div>
  <button
    class="ring-offset-background focus:ring-ring data-[state=open]:bg-accent data-[state=open]:text-muted-foreground absolute top-4 right-4 rounded-xs opacity-70 transition-opacity hover:opacity-100 focus:ring-2 focus:ring-offset-2 focus:outline-hidden disabled:pointer-events-none [&_svg]:pointer-events-none [&_svg]:shrink-0 [&_svg:not([class*='size-'])]:size-4"
    data-slot="dialog-close"
    type="button"
  >
    <svg
      aria-hidden="true"
      class="lucide lucide-x"
      fill="none"
      height="24"
      stroke="currentColor"
      stroke-linecap="round"
      stroke-linejoin="round"
      stroke-width="2"
      viewBox="0 0 24 24"
      width="24"
      xmlns="http://www.w3.org/2000/svg"
    >
      <path
        d="M18 6 6 18"
      />
      <path
        d="m6 6 12 12"
      />
    </svg>
    <span
      class="sr-only"
    >
      Close
    </span>
  </button>
</div>
`;

exports[`CancelConfirmationModal > matches the snapshot for the demo action 1`] = `
<div
  aria-describedby="generated-id"
  aria-labelledby="generated-id"
  class="bg-background data-[state=open]:animate-in data-[state=closed]:animate-out data-[state=closed]:fade-out-0 data-[state=open]:fade-in-0 data-[state=closed]:zoom-out-95 data-[state=open]:zoom-in-95 fixed top-[50%] left-[50%] z-50 grid w-full max-w-[calc(100%-2rem)] translate-x-[-50%] translate-y-[-50%] gap-4 rounded-lg border p-6 shadow-lg duration-200 sm:max-w-[550px]"
  data-slot="dialog-content"
  data-state="open"
  id="generated-id"
  role="dialog"
  style="pointer-events: auto;"
  tabindex="-1"
>
  <div
    class="flex flex-col gap-2 text-center sm:text-left"
    data-slot="dialog-header"
  >
    <h2
      class="text-lg leading-none font-semibold"
      data-slot="dialog-title"
      id="generated-id"
    >
      You're exiting the Sweepstakes Editor
    </h2>
    <p
      class="text-muted-foreground text-sm"
      data-slot="dialog-description"
      id="generated-id"
    >
      You have unsaved changes to "
      Summer Giveaway
      ". What would you like to do?
    </p>
  </div>
  <div
    class="relative w-full rounded-lg border px-4 py-3 text-sm grid has-[>svg]:grid-cols-[16_1fr] grid-cols-[0_1fr] has-[>svg]:gap-x-3 gap-y-0.5 items-start [&>svg]:size-4 [&>svg]:translate-y-0.5 text-primary [&>svg]:text-current bg-primary/10 border-primary/50"
    data-slot="alert"
    role="alert"
  >
    <svg
      aria-hidden="true"
      class="lucide lucide-info h-4 w-4"
      fill="none"
      height="24"
      stroke="currentColor"
      stroke-linecap="round"
      stroke-linejoin="round"
      stroke-width="2"
      viewBox="0 0 24 24"
      width="24"
      xmlns="http://www.w3.org/2000/svg"
    >
      <circle
        cx="12"
        cy="12"
        r="10"
      />
      <path
        d="M12 16v-4"
      />
      <path
        d="M12 8h.01"
      />
    </svg>
    <div
      class="col-start-2 grid justify-items-start gap-1 text-sm [&_p]:leading-relaxed"
      data-slot="alert-description"
    >
      <strong>
        Demo Mode:
      </strong>
       Saving and deleting are not available in the demo. You can continue editing or exit to return.
    </div>
  </div>
  <div
    class="flex sm:justify-end flex-col sm:flex-row gap-2"
    data-slot="dialog-footer"
  >
    <button
      class="cursor-pointer inline-flex items-center justify-center gap-2 whitespace-nowrap rounded-md text-sm font-medium transition-all disabled:pointer-events-none disabled:opacity-50 [&_svg]:pointer-events-none [&_svg:not([class*='size-'])]:size-4 shrink-0 [&_svg]:shrink-0 [&_svg]:mr-0 outline-none focus-visible:border-ring focus-visible:ring-ring/50 focus-visible:ring-[3px] aria-invalid:ring-destructive/20 dark:aria-invalid:ring-destructive/40 aria-invalid:border-destructive border bg-white shadow-xs hover:bg-accent hover:text-accent-foreground dark:bg-input/30 dark:border-input dark:hover:bg-input/50 dark:hover:text-accent h-9 px-4 py-2 has-[>svg]:px-3"
      data-slot="button"
    >
      Continue Editing
    </button>
    <div
      class="flex gap-2 sm:ml-auto"
    >
      <a
        href="/#pricing"
      >
        <button
          class="cursor-pointer inline-flex items-center justify-center gap-2 whitespace-nowrap rounded-md text-sm font-medium transition-all disabled:pointer-events-none disabled:opacity-50 [&_svg]:pointer-events-none [&_svg:not([class*='size-'])]:size-4 shrink-0 [&_svg]:shrink-0 [&_svg]:mr-0 outline-none focus-visible:border-ring focus-visible:ring-ring/50 focus-visible:ring-[3px] aria-invalid:ring-destructive/20 dark:aria-invalid:ring-destructive/40 aria-invalid:border-destructive border bg-white shadow-xs hover:bg-accent hover:text-accent-foreground dark:bg-input/30 dark:border-input dark:hover:bg-input/50 dark:hover:text-accent h-9 px-4 py-2 has-[>svg]:px-3"
          data-slot="button"
        >
          Exit Demo
        </button>
      </a>
      <a
        href="/login"
      >
        <button
          class="cursor-pointer inline-flex items-center justify-center gap-2 whitespace-nowrap rounded-md text-sm font-medium transition-all disabled:pointer-events-none disabled:opacity-50 [&_svg]:pointer-events-none [&_svg:not([class*='size-'])]:size-4 shrink-0 [&_svg]:shrink-0 [&_svg]:mr-0 outline-none focus-visible:border-ring focus-visible:ring-ring/50 focus-visible:ring-[3px] aria-invalid:ring-destructive/20 dark:aria-invalid:ring-destructive/40 aria-invalid:border-destructive bg-primary text-primary-foreground shadow-xs hover:bg-primary/90 h-9 px-4 py-2 has-[>svg]:px-3"
          data-slot="button"
        >
          Sign Up
        </button>
      </a>
    </div>
  </div>
  <button
    class="ring-offset-background focus:ring-ring data-[state=open]:bg-accent data-[state=open]:text-muted-foreground absolute top-4 right-4 rounded-xs opacity-70 transition-opacity hover:opacity-100 focus:ring-2 focus:ring-offset-2 focus:outline-hidden disabled:pointer-events-none [&_svg]:pointer-events-none [&_svg]:shrink-0 [&_svg:not([class*='size-'])]:size-4"
    data-slot="dialog-close"
    type="button"
  >
    <svg
      aria-hidden="true"
      class="lucide lucide-x"
      fill="none"
      height="24"
      stroke="currentColor"
      stroke-linecap="round"
      stroke-linejoin="round"
      stroke-width="2"
      viewBox="0 0 24 24"
      width="24"
      xmlns="http://www.w3.org/2000/svg"
    >
      <path
        d="M18 6 6 18"
      />
      <path
        d="m6 6 12 12"
      />
    </svg>
    <span
      class="sr-only"
    >
      Close
    </span>
  </button>
</div>
`;

exports[`CancelConfirmationModal > matches the snapshot for the edit action 1`] = `
<div
  aria-describedby="generated-id"
  aria-labelledby="generated-id"
  class="bg-background data-[state=open]:animate-in data-[state=closed]:animate-out data-[state=closed]:fade-out-0 data-[state=open]:fade-in-0 data-[state=closed]:zoom-out-95 data-[state=open]:zoom-in-95 fixed top-[50%] left-[50%] z-50 grid w-full max-w-[calc(100%-2rem)] translate-x-[-50%] translate-y-[-50%] gap-4 rounded-lg border p-6 shadow-lg duration-200 sm:max-w-[550px]"
  data-slot="dialog-content"
  data-state="open"
  id="generated-id"
  role="dialog"
  style="pointer-events: auto;"
  tabindex="-1"
>
  <div
    class="flex flex-col gap-2 text-center sm:text-left"
    data-slot="dialog-header"
  >
    <h2
      class="text-lg leading-none font-semibold"
      data-slot="dialog-title"
      id="generated-id"
    >
      You're exiting the Sweepstakes Editor
    </h2>
    <p
      class="text-muted-foreground text-sm"
      data-slot="dialog-description"
      id="generated-id"
    >
      You have unsaved changes to "
      Summer Giveaway
      ". What would you like to do?
    </p>
  </div>
  <div
    class="flex sm:justify-end flex-col sm:flex-row gap-2"
    data-slot="dialog-footer"
  >
    <button
      class="cursor-pointer inline-flex items-center justify-center gap-2 whitespace-nowrap rounded-md text-sm font-medium transition-all disabled:pointer-events-none disabled:opacity-50 [&_svg]:pointer-events-none [&_svg:not([class*='size-'])]:size-4 shrink-0 [&_svg]:shrink-0 [&_svg]:mr-0 outline-none focus-visible:border-ring focus-visible:ring-ring/50 focus-visible:ring-[3px] aria-invalid:ring-destructive/20 dark:aria-invalid:ring-destructive/40 aria-invalid:border-destructive border bg-white shadow-xs hover:bg-accent hover:text-accent-foreground dark:bg-input/30 dark:border-input dark:hover:bg-input/50 dark:hover:text-accent h-9 px-4 py-2 has-[>svg]:px-3"
      data-slot="button"
    >
      Continue Editing
    </button>
    <div
      class="flex gap-2 sm:ml-auto"
    >
      <button
        class="cursor-pointer inline-flex items-center justify-center gap-2 whitespace-nowrap rounded-md text-sm font-medium transition-all disabled:pointer-events-none disabled:opacity-50 [&_svg]:pointer-events-none [&_svg:not([class*='size-'])]:size-4 [&_svg]:shrink-0 [&_svg]:mr-0 outline-none focus-visible:border-ring focus-visible:ring-[3px] aria-invalid:ring-destructive/20 dark:aria-invalid:ring-destructive/40 aria-invalid:border-destructive bg-destructive text-destructive-foreground shadow-xs hover:bg-destructive/90 focus-visible:ring-destructive/20 dark:focus-visible:ring-destructive/40 dark:bg-destructive/60 h-9 px-4 py-2 has-[>svg]:px-3 flex-1 sm:flex-none"
        data-slot="button"
      >
        <svg
          aria-hidden="true"
          class="lucide lucide-trash h-4 w-4 mr-2"
          fill="none"
          height="24"
          stroke="currentColor"
          stroke-linecap="round"
          stroke-linejoin="round"
          stroke-width="2"
          viewBox="0 0 24 24"
          width="24"
          xmlns="http://www.w3.org/2000/svg"
        >
          <path
            d="M19 6v14a2 2 0 0 1-2 2H7a2 2 0 0 1-2-2V6"
          />
          <path
            d="M3 6h18"
          />
          <path
            d="M8 6V4a2 2 0 0 1 2-2h4a2 2 0 0 1 2 2v2"
          />
        </svg>
        Discard Changes
      </button>
    </div>
  </div>
  <button
    class="ring-offset-background focus:ring-ring data-[state=open]:bg-accent data-[state=open]:text-muted-foreground absolute top-4 right-4 rounded-xs opacity-70 transition-opacity hover:opacity-100 focus:ring-2 focus:ring-offset-2 focus:outline-hidden disabled:pointer-events-none [&_svg]:pointer-events-none [&_svg]:shrink-0 [&_svg:not([class*='size-'])]:size-4"
    data-slot="dialog-close"
    type="button"
  >
    <svg
      aria-hidden="true"
      class="lucide lucide-x"
      fill="none"
      height="24"
      stroke="currentColor"
      stroke-linecap="round"
      stroke-linejoin="round"
      stroke-width="2"
      viewBox="0 0 24 24"
      width="24"
      xmlns="http://www.w3.org/2000/svg"
    >
      <path
        d="M18 6 6 18"
      />
      <path
        d="m6 6 12 12"
      />
    </svg>
    <span
      class="sr-only"
    >
      Close
    </span>
  </button>
</div>
`;
