// Vitest Snapshot v1, https://vitest.dev/guide/snapshot.html

exports[`Dialog > matches the snapshot when open 1`] = `
<div
  aria-describedby="radix-:id1:"
  aria-labelledby="radix-:id2:"
  class="bg-background data-[state=open]:animate-in data-[state=closed]:animate-out data-[state=closed]:fade-out-0 data-[state=open]:fade-in-0 data-[state=closed]:zoom-out-95 data-[state=open]:zoom-in-95 fixed top-[50%] left-[50%] z-50 grid w-full max-w-[calc(100%-2rem)] translate-x-[-50%] translate-y-[-50%] gap-4 rounded-lg border p-6 shadow-lg duration-200 sm:max-w-lg"
  data-slot="dialog-content"
  data-state="open"
  id="radix-:id0:"
  role="dialog"
  style="pointer-events: auto;"
  tabindex="-1"
>
  <div
    class="flex flex-col gap-2 text-center sm:text-left"
    data-slot="dialog-header"
  >
    <h2
      class="text-lg leading-none font-semibold"
      data-slot="dialog-title"
      id="radix-:id2:"
    >
      Profile settings
    </h2>
    <p
      class="text-muted-foreground text-sm"
      data-slot="dialog-description"
      id="radix-:id1:"
    >
      Update your public profile.
    </p>
  </div>
  <div
    class="flex flex-col-reverse gap-2 sm:flex-row sm:justify-end"
    data-slot="dialog-footer"
  >
    <button
      data-slot="dialog-close"
      type="button"
    >
      Done
    </button>
  </div>
  <button
    class="ring-offset-background focus:ring-ring data-[state=open]:bg-accent data-[state=open]:text-muted-foreground absolute top-4 right-4 rounded-xs opacity-70 transition-opacity hover:opacity-100 focus:ring-2 focus:ring-offset-2 focus:outline-hidden disabled:pointer-events-none [&_svg]:pointer-events-none [&_svg]:shrink-0 [&_svg:not([class*='size-'])]:size-4"
    data-slot="dialog-close"
    type="button"
  >
    <svg
      aria-hidden="true"
      class="lucide lucide-x"
      fill="none"
      height="24"
      stroke="currentColor"
      stroke-linecap="round"
      stroke-linejoin="round"
      stroke-width="2"
      viewBox="0 0 24 24"
      width="24"
      xmlns="http://www.w3.org/2000/svg"
    >
      <path
        d="M18 6 6 18"
      />
      <path
        d="m6 6 12 12"
      />
    </svg>
    <span
      class="sr-only"
    >
      Close
    </span>
  </button>
</div>
`;
