// Vitest Snapshot v1, https://vitest.dev/guide/snapshot.html

exports[`ObfuscatedEmail > matches the snapshot 1`] = `
<div
  class="flex items-center gap-2"
>
  <span
    class="text-sm"
  >
    j***e@example.com
  </span>
  <button
    aria-label="Reveal email"
    class="cursor-pointer inline-flex items-center justify-center gap-2 whitespace-nowrap rounded-md text-sm font-medium transition-all disabled:pointer-events-none disabled:opacity-50 [&_svg]:pointer-events-none [&_svg:not([class*='size-'])]:size-4 shrink-0 [&_svg]:shrink-0 outline-none focus-visible:border-ring focus-visible:ring-ring/50 focus-visible:ring-[3px] aria-invalid:ring-destructive/20 dark:aria-invalid:ring-destructive/40 aria-invalid:border-destructive hover:text-accent-foreground dark:hover:bg-accent/50 size-8 [&_svg]:mr-0 h-auto w-auto p-0 hover:bg-transparent"
    data-slot="button"
  >
    <svg
      aria-hidden="true"
      class="lucide lucide-eye h-4 w-4 text-muted-foreground"
      fill="none"
      height="24"
      stroke="currentColor"
      stroke-linecap="round"
      stroke-linejoin="round"
      stroke-width="2"
      viewBox="0 0 24 24"
      width="24"
      xmlns="http://www.w3.org/2000/svg"
    >
      <path
        d="M2.062 12.348a1 1 0 0 1 0-.696 10.75 10.75 0 0 1 19.876 0 1 1 0 0 1 0 .696 10.75 10.75 0 0 1-19.876 0"
      />
      <circle
        cx="12"
        cy="12"
        r="3"
      />
    </svg>
  </button>
</div>
`;
