// Vitest Snapshot v1, https://vitest.dev/guide/snapshot.html

exports[`HowItWorksSection > matches the snapshot 1`] = `
<div
  class="text-card-foreground flex flex-col gap-2 rounded-xl border py-4 shadow-md bg-primary/5 border-primary/20"
  data-slot="card"
>
  <div
    class="px-4 pt-6"
    data-slot="card-content"
  >
    <h3
      class="font-semibold text-xl mb-6 text-center"
    >
      How it works
    </h3>
    <div
      class="grid gap-6 md:grid-cols-3"
    >
      <div
        class="text-center"
      >
        <div
          class="w-12 h-12 rounded-full bg-primary text-primary-foreground flex items-center justify-center mx-auto mb-3 font-bold text-lg"
        >
          1
        </div>
        <h4
          class="font-medium mb-2"
        >
          Connect
        </h4>
        <p
          class="text-sm text-muted-foreground"
        >
          Link your social accounts.
        </p>
      </div>
      <div
        class="text-center"
      >
        <div
          class="w-12 h-12 rounded-full bg-primary text-primary-foreground flex items-center justify-center mx-auto mb-3 font-bold text-lg"
        >
          2
        </div>
        <h4
          class="font-medium mb-2"
        >
          Create
        </h4>
        <p
          class="text-sm text-muted-foreground"
        >
          Pick a template and prizes.
        </p>
      </div>
      <div
        class="text-center"
      >
        <div
          class="w-12 h-12 rounded-full bg-primary text-primary-foreground flex items-center justify-center mx-auto mb-3 font-bold text-lg"
        >
          3
        </div>
        <h4
          class="font-medium mb-2"
        >
          Launch
        </h4>
        <p
          class="text-sm text-muted-foreground"
        >
          Share the giveaway link.
        </p>
      </div>
    </div>
  </div>
</div>
`;
