// Vitest Snapshot v1, https://vitest.dev/guide/snapshot.html

exports[`SAMPLE_SWEEPSTAKES_DATA > matches the snapshot 1`] = `
{
  "audience": {
    "allowedIdentities": [
      "TWITTER",
      "GOOGLE",
      "DISCORD",
      "EMAIL",
      "TWITCH",
      "KICK",
      "TIKTOK",
      "STEAM",
    ],
    "formFields": [],
    "regionalRestriction": undefined,
    "requirePreEntryLogin": false,
  },
  "criteria": {
    "allowMultipleWins": false,
    "allowUserSelection": false,
    "minQualityScore": 50,
    "minTasksCompleted": 1,
  },
  "design": {
    "aspectRatio": "VIDEO",
    "background": {
      "color": "#63478b",
      "type": "color",
    },
    "displayDescription": false,
    "displayName": false,
  },
  "prizes": [
    {
      "id": "sample-1",
      "name": "Grand Prize - $500 Gift Card",
      "quota": 1,
    },
    {
      "id": "sample-2",
      "name": "Runner Up - $100 Gift Card",
      "quota": 3,
    },
  ],
  "setup": {
    "banner": "/images/demo-sweepstakes-banner-2.jpg",
    "description": "Enter for a chance to win incredible prizes in our demo giveaway. Complete simple tasks to increase your chances of winning!<br/><br/>This is a demo sweepstakes to showcase our platform features.",
    "name": "Win Amazing Prizes!",
  },
  "tasks": [
    {
      "channel": "https://www.twitch.tv/ggonryun",
      "id": "50ee",
      "mandatory": false,
      "tasksRequired": 0,
      "title": "Follow us on Twitch",
      "type": "TWITCH_FOLLOW",
      "value": 1,
    },
    {
      "id": "6d7f",
      "mandatory": false,
      "profileUrl": "https://bsky.app/profile/giveawaydog.bsky.social",
      "tasksRequired": 0,
      "title": "Follow us on Bluesky",
      "type": "BLUESKY_FOLLOW",
      "value": 1,
    },
    {
      "id": "4cd9",
      "mandatory": false,
      "tasksRequired": 0,
      "title": "Follow us on X (Twitter)",
      "type": "TWITTER_FOLLOW",
      "username": "https://x.com/TheGiveawayDog",
      "value": 1,
    },
    {
      "channelName": "GiveawayDog",
      "channelUrl": "https://www.youtube.com/@gonryun",
      "id": "a13f",
      "mandatory": false,
      "subConfirmation": true,
      "tasksRequired": 0,
      "title": "Visit GiveawayDog on YouTube",
      "type": "YOUTUBE_VISIT",
      "value": 1,
    },
    {
      "id": "b2c4",
      "mandatory": false,
      "postUrl": "https://www.facebook.com/permalink.php?story_fbid=122099278905154876&id=61584646297782&ref=embed_post",
      "tasksRequired": 0,
      "title": "View our Facebook post",
      "type": "FACEBOOK_VIEW_POST",
      "value": 1,
    },
    {
      "id": "c3d5",
      "mandatory": false,
      "profileUrl": "https://www.linkedin.com/company/giveaway-dog",
      "tasksRequired": 0,
      "title": "Follow us on LinkedIn",
      "type": "LINKEDIN_FOLLOW",
      "value": 1,
    },
    {
      "id": "47az",
      "mandatory": false,
      "profileUrl": "https://velora.tv/gonryun",
      "tasksRequired": 0,
      "title": "Follow us on Velora",
      "type": "VELORA_FOLLOW",
      "value": 1,
    },
    {
      "id": "d7e9",
      "mandatory": false,
      "profileUrl": "https://www.tiktok.com/@giveawaydog",
      "tasksRequired": 0,
      "title": "Follow us on TikTok",
      "type": "TIKTOK_FOLLOW",
      "value": 1,
    },
    {
      "id": "5fa0",
      "mandatory": false,
      "profileUrl": "https://www.instagram.com/charitydotgames/",
      "tasksRequired": 0,
      "title": "Visit our Instagram profile",
      "type": "INSTAGRAM_VISIT",
      "value": 1,
    },
    {
      "appId": "https://store.steampowered.com/app/2457870/Sandys_Great_Escape/",
      "id": "f105",
      "mandatory": false,
      "tasksRequired": 0,
      "title": "Add to your Steam Wishlist",
      "type": "STEAM_WISHLIST",
      "value": 1,
    },
    {
      "channel": "https://discord.com/channels/1425715950988034130/1425715951906590732",
      "id": "492b",
      "invite": "https://discord.gg/Ys8wW5w2Yt",
      "mandatory": false,
      "tasksRequired": 0,
      "title": "Join our Discord server",
      "type": "DISCORD_JOIN",
      "value": 1,
    },
    {
      "channel": "https://www.kick.com/ggonryun",
      "id": "bd33",
      "mandatory": false,
      "tasksRequired": 0,
      "title": "Follow us on Kick",
      "type": "KICK_FOLLOW",
      "value": 1,
    },
  ],
  "terms": {
    "claimDeadlineDays": 30,
    "governingLawCountry": "US",
    "notificationTimeframeDays": 7,
    "privacyPolicyUrl": "https://example.com/privacy",
    "sponsorAddress": "123 Demo Street, Demo City, DC 12345",
    "sponsorName": "Demo Company",
    "type": "TEMPLATE",
    "winnerSelectionMethod": "Random Drawing",
  },
  "timing": {
    "endDate": 2026-10-21T12:00:00.000Z,
    "startDate": 2026-06-16T12:00:00.000Z,
    "timeZone": "UTC",
  },
  "visibility": {
    "slug": "demo-giveaway",
    "visibility": "PUBLIC",
  },
}
`;
