// Vitest Snapshot v1, https://vitest.dev/guide/snapshot.html

exports[`EditMemberDialog > matches the snapshot 1`] = `
<div
  aria-describedby="radix-_r_id_"
  aria-labelledby="radix-_r_id_"
  class="bg-background data-[state=open]:animate-in data-[state=closed]:animate-out data-[state=closed]:fade-out-0 data-[state=open]:fade-in-0 data-[state=closed]:zoom-out-95 data-[state=open]:zoom-in-95 fixed top-[50%] left-[50%] z-50 grid w-full max-w-[calc(100%-2rem)] translate-x-[-50%] translate-y-[-50%] gap-4 rounded-lg border p-6 shadow-lg duration-200 sm:max-w-md"
  data-slot="dialog-content"
  data-state="open"
  id="radix-_r_id_"
  role="dialog"
  style="pointer-events: auto;"
  tabindex="-1"
>
  <div
    class="flex flex-col gap-2 text-center sm:text-left"
    data-slot="dialog-header"
  >
    <h2
      class="text-lg leading-none font-semibold"
      data-slot="dialog-title"
      id="radix-_r_id_"
    >
      Edit Member Role
    </h2>
    <p
      class="text-muted-foreground text-sm"
      data-slot="dialog-description"
      id="radix-_r_id_"
    >
      Change the role for 
      Ada Lovelace
    </p>
  </div>
  <div
    class="space-y-4 py-4"
  >
    <div
      class="space-y-2"
    >
      <label
        class="text-sm font-medium leading-none peer-disabled:cursor-not-allowed peer-disabled:opacity-70"
        for="role"
      >
        Role
      </label>
      <button
        aria-autocomplete="none"
        aria-controls="radix-_r_id_"
        aria-expanded="false"
        class="flex h-9 shadow-xs w-full items-center justify-between rounded-md border border-input bg-white dark:bg-input/30 px-3 py-2 text-sm ring-offset-background data-placeholder:text-muted-foreground focus:outline-hidden focus:ring-2 focus:ring-ring focus:ring-offset-2 disabled:cursor-not-allowed disabled:opacity-50 [&>span]:line-clamp-1"
        data-state="closed"
        dir="ltr"
        id="role"
        role="combobox"
        type="button"
      >
        <span
          style="pointer-events: none;"
        >
          Member
        </span>
        <svg
          aria-hidden="true"
          class="lucide lucide-chevron-down h-4 w-4 opacity-50"
          fill="none"
          height="24"
          stroke="currentColor"
          stroke-linecap="round"
          stroke-linejoin="round"
          stroke-width="2"
          viewBox="0 0 24 24"
          width="24"
          xmlns="http://www.w3.org/2000/svg"
        >
          <path
            d="m6 9 6 6 6-6"
          />
        </svg>
      </button>
    </div>
    <div
      class="rounded-lg border bg-muted/50 p-3 text-sm"
    >
      <p
        class="text-muted-foreground"
      >
        <strong>
          Guest:
        </strong>
         Read-only access, no permissions
      </p>
      <p
        class="text-muted-foreground"
      >
        <strong>
          Member:
        </strong>
         Can view team members
      </p>
      <p
        class="text-muted-foreground"
      >
        <strong>
          Admin:
        </strong>
         Can invite and remove members
      </p>
      <p
        class="text-muted-foreground"
      >
        <strong>
          Owner:
        </strong>
         Full control over the team
      </p>
    </div>
  </div>
  <div
    class="flex flex-col-reverse gap-2 sm:flex-row sm:justify-end"
    data-slot="dialog-footer"
  >
    <button
      class="cursor-pointer inline-flex items-center justify-center gap-2 whitespace-nowrap rounded-md text-sm font-medium transition-all disabled:pointer-events-none disabled:opacity-50 [&_svg]:pointer-events-none [&_svg:not([class*='size-'])]:size-4 shrink-0 [&_svg]:shrink-0 [&_svg]:mr-0 outline-none focus-visible:border-ring focus-visible:ring-ring/50 focus-visible:ring-[3px] aria-invalid:ring-destructive/20 dark:aria-invalid:ring-destructive/40 aria-invalid:border-destructive border bg-white shadow-xs hover:bg-accent hover:text-accent-foreground dark:bg-input/30 dark:border-input dark:hover:bg-input/50 dark:hover:text-accent h-9 px-4 py-2 has-[>svg]:px-3"
      data-slot="button"
    >
      Cancel
    </button>
    <button
      class="cursor-pointer inline-flex items-center justify-center gap-2 whitespace-nowrap rounded-md text-sm font-medium transition-all disabled:pointer-events-none disabled:opacity-50 [&_svg]:pointer-events-none [&_svg:not([class*='size-'])]:size-4 shrink-0 [&_svg]:shrink-0 [&_svg]:mr-0 outline-none focus-visible:border-ring focus-visible:ring-ring/50 focus-visible:ring-[3px] aria-invalid:ring-destructive/20 dark:aria-invalid:ring-destructive/40 aria-invalid:border-destructive bg-primary text-primary-foreground shadow-xs hover:bg-primary/90 h-9 px-4 py-2 has-[>svg]:px-3"
      data-slot="button"
    >
      Save Changes
    </button>
  </div>
  <button
    class="ring-offset-background focus:ring-ring data-[state=open]:bg-accent data-[state=open]:text-muted-foreground absolute top-4 right-4 rounded-xs opacity-70 transition-opacity hover:opacity-100 focus:ring-2 focus:ring-offset-2 focus:outline-hidden disabled:pointer-events-none [&_svg]:pointer-events-none [&_svg]:shrink-0 [&_svg:not([class*='size-'])]:size-4"
    data-slot="dialog-close"
    type="button"
  >
    <svg
      aria-hidden="true"
      class="lucide lucide-x"
      fill="none"
      height="24"
      stroke="currentColor"
      stroke-linecap="round"
      stroke-linejoin="round"
      stroke-width="2"
      viewBox="0 0 24 24"
      width="24"
      xmlns="http://www.w3.org/2000/svg"
    >
      <path
        d="M18 6 6 18"
      />
      <path
        d="m6 6 12 12"
      />
    </svg>
    <span
      class="sr-only"
    >
      Close
    </span>
  </button>
</div>
`;
