// Vitest Snapshot v1, https://vitest.dev/guide/snapshot.html

exports[`NavigationHeader > matches the snapshot 1`] = `
<header
  class="bg-background/95 backdrop-blur supports-[backdrop-filter]:bg-background/60 sticky top-0 z-50"
>
  <div
    class="container mx-auto px-4 sm:px-6 lg:px-8"
  >
    <nav
      class="relative flex items-center justify-between h-16"
    >
      <span>
        Logo
      </span>
    </nav>
  </div>
</header>
`;
