// Vitest Snapshot v1, https://vitest.dev/guide/snapshot.html

exports[`CallToAction > matches the snapshot 1`] = `
<div
  class="bg-card text-card-foreground flex flex-col gap-2 rounded-xl border py-4 shadow-md bg-gradient-to-br from-primary/5 to-primary/10 mb-12"
  data-slot="card"
>
  <div
    class="p-8 md:p-12 text-center space-y-6"
    data-slot="card-content"
  >
    <h1
      class="mx-auto text-2xl font-semibold font-outfit tracking-tight text-foreground sm:text-3xl lg:text-4xl text-balance"
    >
      Ready to 
      <span
        class="text-primary"
      >
        save time
      </span>
      ?
    </h1>
    <p
      class="font-normal text-lg text-muted-foreground max-w-2xl mx-auto"
    >
      Join busy hosts who save time and effort without sacrificing their commitment to their community.
    </p>
    <div
      class="flex flex-col sm:flex-row gap-4 justify-center"
    >
      <a
        class="cursor-pointer inline-flex items-center justify-center gap-2 whitespace-nowrap font-medium transition-all disabled:pointer-events-none disabled:opacity-50 [&_svg]:pointer-events-none [&_svg:not([class*='size-'])]:size-4 shrink-0 [&_svg]:shrink-0 [&_svg]:mr-0 outline-none focus-visible:border-ring focus-visible:ring-ring/50 focus-visible:ring-[3px] aria-invalid:ring-destructive/20 dark:aria-invalid:ring-destructive/40 aria-invalid:border-destructive bg-primary text-primary-foreground shadow-xs hover:bg-primary/90 h-12 rounded-lg px-8 text-lg has-[>svg]:px-6"
        data-slot="button"
        href="/login"
      >
        Get started
      </a>
      <a
        class="cursor-pointer inline-flex items-center justify-center gap-2 whitespace-nowrap font-medium transition-all disabled:pointer-events-none disabled:opacity-50 [&_svg]:pointer-events-none [&_svg:not([class*='size-'])]:size-4 shrink-0 [&_svg]:shrink-0 [&_svg]:mr-0 outline-none focus-visible:border-ring focus-visible:ring-ring/50 focus-visible:ring-[3px] aria-invalid:ring-destructive/20 dark:aria-invalid:ring-destructive/40 aria-invalid:border-destructive border bg-white shadow-xs hover:bg-accent hover:text-accent-foreground dark:bg-input/30 dark:border-input dark:hover:bg-input/50 dark:hover:text-accent h-12 rounded-lg px-8 text-lg has-[>svg]:px-6"
        data-slot="button"
        href="/demo/sweepstakes"
      >
        Try The Demo 
        <svg
          aria-hidden="true"
          class="lucide lucide-arrow-right"
          fill="none"
          height="24"
          stroke="currentColor"
          stroke-linecap="round"
          stroke-linejoin="round"
          stroke-width="2"
          viewBox="0 0 24 24"
          width="24"
          xmlns="http://www.w3.org/2000/svg"
        >
          <path
            d="M5 12h14"
          />
          <path
            d="m12 5 7 7-7 7"
          />
        </svg>
      </a>
    </div>
  </div>
</div>
`;
