// Vitest Snapshot v1, https://vitest.dev/guide/snapshot.html

exports[`MinimalTipTapPreview > matches the snapshot 1`] = `
<div
  class="prose prose-sm max-w-none [&_h1]:text-2xl [&_h1]:font-bold [&_h1]:mb-4 [&_h1]:mt-6 [&_h2]:text-xl [&_h2]:font-bold [&_h2]:mb-3 [&_h2]:mt-5 [&_h3]:text-lg [&_h3]:font-bold [&_h3]:mb-2 [&_h3]:mt-4 [&_ul]:list-disc [&_ul]:ml-6 [&_ul]:my-3 [&_ol]:list-decimal [&_ol]:ml-6 [&_ol]:my-3 [&_li]:my-1 [&_p]:min-h-[1.5em] [&_p]:leading-relaxed [&_strong]:font-bold [&_em]:italic [&_s]:line-through [&_code]:bg-muted [&_code]:px-1.5 [&_code]:py-0.5 [&_code]:rounded [&_code]:text-sm [&_hr]:my-6 [&_hr]:border-t [&_br]:block [&_a]:text-primary [&_a]:underline [&_a]:hover:text-primary/80 text-sm sm:text-base [&_a]:break-all"
>
  <p>
    Win a 
    <strong>
      bike
    </strong>
  </p>
</div>
`;

exports[`MinimalTipTapPreview > matches the snapshot for sanitised unsafe markup 1`] = `
<div
  class="prose prose-sm max-w-none [&_h1]:text-2xl [&_h1]:font-bold [&_h1]:mb-4 [&_h1]:mt-6 [&_h2]:text-xl [&_h2]:font-bold [&_h2]:mb-3 [&_h2]:mt-5 [&_h3]:text-lg [&_h3]:font-bold [&_h3]:mb-2 [&_h3]:mt-4 [&_ul]:list-disc [&_ul]:ml-6 [&_ul]:my-3 [&_ol]:list-decimal [&_ol]:ml-6 [&_ol]:my-3 [&_li]:my-1 [&_p]:min-h-[1.5em] [&_p]:leading-relaxed [&_strong]:font-bold [&_em]:italic [&_s]:line-through [&_code]:bg-muted [&_code]:px-1.5 [&_code]:py-0.5 [&_code]:rounded [&_code]:text-sm [&_hr]:my-6 [&_hr]:border-t [&_br]:block [&_a]:text-primary [&_a]:underline [&_a]:hover:text-primary/80 text-sm sm:text-base [&_a]:break-all"
>
  <p>
    Prize
  </p>
  <a>
    Rules
  </a>
</div>
`;

exports[`MinimalTipTapPreview > matches the snapshot for the markup the editor produces 1`] = `
<div
  class="prose prose-sm max-w-none [&_h1]:text-2xl [&_h1]:font-bold [&_h1]:mb-4 [&_h1]:mt-6 [&_h2]:text-xl [&_h2]:font-bold [&_h2]:mb-3 [&_h2]:mt-5 [&_h3]:text-lg [&_h3]:font-bold [&_h3]:mb-2 [&_h3]:mt-4 [&_ul]:list-disc [&_ul]:ml-6 [&_ul]:my-3 [&_ol]:list-decimal [&_ol]:ml-6 [&_ol]:my-3 [&_li]:my-1 [&_p]:min-h-[1.5em] [&_p]:leading-relaxed [&_strong]:font-bold [&_em]:italic [&_s]:line-through [&_code]:bg-muted [&_code]:px-1.5 [&_code]:py-0.5 [&_code]:rounded [&_code]:text-sm [&_hr]:my-6 [&_hr]:border-t [&_br]:block [&_a]:text-primary [&_a]:underline [&_a]:hover:text-primary/80 text-sm sm:text-base [&_a]:break-all"
>
  <h2
    style="text-align: center;"
  >
    Win a bike
  </h2>
  <p>
    Enter for a chance to win a 
    <strong>
      mountain bike
    </strong>
    , 
    <em>
      a helmet
    </em>
     and 
    <u>
      gloves
    </u>
    .
  </p>
  <ul>
    <li>
      <p>
        One winner
      </p>
    </li>
    <li>
      <p>
        Free shipping
      </p>
    </li>
  </ul>
  <ol
    start="2"
  >
    <li>
      <p>
        Follow us
      </p>
    </li>
    <li>
      <p>
        Share the post
      </p>
    </li>
  </ol>
  <p>
    Read the 
    <a
      href="https://giveaway.dog/rules"
      rel="noopener noreferrer nofollow"
      target="_blank"
    >
      rules
    </a>
    .
    <br />
    Good 
    <s>
      luck
    </s>
     
    <code>
      fun
    </code>
    !
  </p>
</div>
`;
